// Jest Snapshot v1, https://goo.gl/fbAQLP

exports[`Should render HelpPage correctly 1`] = `
<div>
  This is from my help component
</div>
`;
